// Jest Snapshot v1, https://goo.gl/fbAQLP

exports[`component matches snapshot 1`] = `
<div
  className="card"
>
  <div>
    <div>
      Id:
       undefined
    </div>
    <div>
      Visit Code:
       undefined
    </div>
    <div>
      Provider:
       undefined
    </div>
    <div>
      Date:
       undefined
    </div>
    <div>
      <button
        onClick={[Function]}
        type="button"
      >
        Details
      </button>
    </div>
  </div>
</div>
`;
