// Jest Snapshot v1, https://goo.gl/fbAQLP

exports[`renders properly and matches snapshot 1`] = `
<div
  className="center"
>
  <h2>
    Patients
  </h2>
  
  <div
    className="row"
  >
    <div
      data-testid="patient-card"
    >
      <button
        onClick={[Function]}
        type="button"
      >
        Create
      </button>
    </div>
  </div>
</div>
`;
