// Jest Snapshot v1, https://goo.gl/fbAQLP

exports[`renders and matches snapshot 1`] = `
<div
  className="container"
>
  <h2>
    Create Patient
  </h2>
  <h3
    className="error"
  >
    
  </h3>
  <form
    className="form"
    noValidate={true}
    onSubmit={[Function]}
  >
    <div
      className="input"
    >
      <input
        data-testid="f-name"
        name="firstName"
        onChange={[Function]}
        placeholder="first name"
        type="text"
        value=""
      />
       
      <input
        data-testid="l-name"
        name="lastName"
        onChange={[Function]}
        placeholder="last name"
        type="text"
        value=""
      />
    </div>
    <div
      className="inputError"
    >
      <div
        className="inputErrorLeft"
      >
        
      </div>
       
      <div
        className="inputErrorRight"
      >
        
      </div>
    </div>
    <div
      className="input"
    >
      <input
        data-testid="ssn"
        name="ssn"
        onChange={[Function]}
        placeholder="social security number"
        type="text"
        value=""
      />
       
      <input
        data-testid="email"
        name="email"
        onChange={[Function]}
        placeholder="email"
        type="email"
        value=""
      />
    </div>
    <div
      className="inputError"
    >
      <span
        className="inputErrorLeft"
      >
        
      </span>
       
      <span
        className="inputErrorRight"
      >
        
      </span>
    </div>
    <div
      className="input"
    >
      <input
        data-testid="street"
        name="street"
        onChange={[Function]}
        placeholder="street"
        type="text"
        value=""
      />
       
      <input
        data-testid="city"
        name="city"
        onChange={[Function]}
        placeholder="city"
        type="text"
        value=""
      />
    </div>
    <div
      className="inputError"
    >
      <span
        className="inputErrorLeft"
      >
        
      </span>
       
      <span
        className="inputErrorRight"
      >
        
      </span>
    </div>
    <div
      className="input"
    >
      <input
        data-testid="state"
        name="state"
        onChange={[Function]}
        placeholder="state"
        type="text"
        value=""
      />
       
      <input
        data-testid="zipcode"
        name="zipcode"
        onChange={[Function]}
        placeholder="zipcode"
        type="text"
        value=""
      />
    </div>
    <div
      className="inputError"
    >
      <span
        className="inputErrorLeft"
      >
        
      </span>
       
      <span
        className="inputErrorRight"
      >
        
      </span>
    </div>
    <div
      className="input"
    >
      <input
        data-testid="age"
        name="age"
        onChange={[Function]}
        placeholder="age"
        type="number"
        value={0}
      />
       
      <input
        data-testid="height"
        name="height"
        onChange={[Function]}
        placeholder="height"
        type="number"
        value={0}
      />
    </div>
    <div
      className="inputError"
    >
      <span
        className="inputErrorLeft"
      >
        
      </span>
       
      <span
        className="inputErrorRight"
      >
        
      </span>
    </div>
    <div
      className="input"
    >
      <input
        data-testid="weight"
        name="weight"
        onChange={[Function]}
        placeholder="weight"
        type="number"
        value=""
      />
       
      <input
        data-testid="insurance"
        name="insurance"
        onChange={[Function]}
        placeholder="insurance"
        type="text"
        value=""
      />
    </div>
    <div
      className="inputError"
    >
      <span
        className="inputErrorLeft"
      >
        
      </span>
       
      <span
        className="inputErrorRight"
      >
        
      </span>
    </div>
    <div>
      <select
        className="select"
        data-testid="gender-select"
        defaultValue="DEFAULT"
        name="gender"
        onChange={[Function]}
        value=""
      >
        <option
          data-testid="default-select"
          value="DEFAULT"
        >
          --select gender--
        </option>
        <option
          data-testid="male-select"
          value="male"
        >
          Male
        </option>
        <option
          data-testid="female-select"
          value="female"
        >
          Female
        </option>
        <option
          data-testid="other-select"
          value="other"
        >
          Other
        </option>
      </select>
    </div>
    <div
      className="inputError"
    >
      
    </div>
    <button
      type="submit"
    >
      Create
    </button>
  </form>
</div>
`;
