// Jest Snapshot v1, https://goo.gl/fbAQLP

exports[`renders properly and matches snapshot 1`] = `
<div
  className="container"
>
  <h2
    className="center"
  >
    Encounter Details
  </h2>
  <h3
    className="error"
  >
    
  </h3>
  <form
    className="form"
    noValidate={true}
    onSubmit={[Function]}
  >
    <h3
      className="center"
    >
      Edit Encounter
    </h3>
    <div
      className="input"
    >
      <span
        className="left"
      >
        Id:
      </span>
       
      1
    </div>
    <div
      className="inputError"
    />
    <div
      className="input"
    >
      <span
        className="left"
      >
        Notes:
      </span>
       
      <input
        className="right"
        data-testid="notes"
        name="notes"
        onChange={[Function]}
        type="text"
        value=""
      />
    </div>
    <div
      className="inputError"
    />
    <div
      className="input"
    >
      <span
        className="left"
      >
        Visit Code:
      </span>
       
      <input
        className="right"
        data-testid="visit"
        name="visitCode"
        onChange={[Function]}
        type="text"
        value=""
      />
    </div>
    <div
      className="inputError"
    >
      
    </div>
    <div
      className="input"
    >
      <span
        className="left"
      >
        Provider:
      </span>
       
      <input
        className="right"
        data-testid="provider"
        name="provider"
        onChange={[Function]}
        type="text"
        value=""
      />
    </div>
    <div
      className="inputError"
    >
      
    </div>
    <div
      className="input"
    >
      <span
        className="left"
      >
        Billing Code:
      </span>
       
      <input
        className="right"
        data-testid="billing"
        name="billingCode"
        onChange={[Function]}
        type="text"
        value=""
      />
    </div>
    <div
      className="inputError"
    >
      
    </div>
    <div
      className="input"
    >
      <span
        className="left"
      >
        ICD10:
      </span>
       
      <input
        className="right"
        data-testid="icd10"
        name="icd10"
        onChange={[Function]}
        type="text"
        value=""
      />
    </div>
    <div
      className="inputError"
    >
      
    </div>
    <div
      className="input"
    >
      <span
        className="left"
      >
        Total Cost:
      </span>
       
      <input
        className="right"
        data-testid="total"
        name="totalCost"
        onChange={[Function]}
        type="number"
        value=""
      />
    </div>
    <div
      className="inputError"
    >
      
    </div>
    <div
      className="input"
    >
      <span
        className="left"
      >
        Copay:
      </span>
       
      <input
        className="right"
        data-testid="copay"
        name="copay"
        onChange={[Function]}
        type="number"
        value=""
      />
    </div>
    <div
      className="inputError"
    >
      
    </div>
    <div
      className="input"
    >
      <span
        className="left"
      >
        Chief Complaint:
      </span>
       
      <input
        className="right"
        data-testid="complaint"
        name="chiefComplaint"
        onChange={[Function]}
        type="text"
        value=""
      />
    </div>
    <div
      className="inputError"
    >
      
    </div>
    <div
      className="input"
    >
      <span
        className="left"
      >
        Pulse:
      </span>
       
      <input
        className="right"
        data-testid="pulse"
        name="pulse"
        onChange={[Function]}
        type="text"
        value=""
      />
    </div>
    <div
      className="inputError"
    >
      
    </div>
    <div
      className="input"
    >
      <span
        className="left"
      >
        Systolic:
      </span>
       
      <input
        className="right"
        data-testid="systolic"
        name="systolic"
        onChange={[Function]}
        type="text"
        value=""
      />
    </div>
    <div
      className="inputError"
    >
      
    </div>
    <div
      className="input"
    >
      <span
        className="left"
      >
        Diastolic:
      </span>
       
      <input
        className="right"
        data-testid="diastolic"
        name="diastolic"
        onChange={[Function]}
        type="text"
        value=""
      />
    </div>
    <div
      className="inputError"
    >
      
    </div>
    <div
      className="input"
    >
      <span
        className="left"
      >
        Date:
      </span>
       
      <input
        className="right"
        data-testid="date"
        name="date"
        onChange={[Function]}
        type="date"
        value=""
      />
    </div>
    <div
      className="inputError"
    >
      
    </div>
    <div
      className="button"
    >
      <button
        type="submit"
      >
        Submit
      </button>
    </div>
  </form>
</div>
`;
